- hosts: localhost
  vars:
    version: 1.0.0

  tasks:

    - name: build
      command: gradle clean build -x test
      args:
        chdir: "{{ playbook_dir }}/.."

    - name: build docker image
      command: docker build -t dockerhub.msplat.io/platform/initializr:{{ version }} -f ./docker/Dockerfile .
      args:
        chdir: "{{ playbook_dir }}/.."

    - name: push image 
      command: docker push dockerhub.msplat.io/platform/initializr:{{ version }}

- hosts: test25
  vars:
    version: 1.0.0
    templates:
      - application.yml
      - initializr.stack

  tasks:
    - name: remove stack initializr if exists
      shell: "docker stack ls | grep initializr | awk '{ print $1 }' | xargs -r docker stack rm"

    - name: ensure parent folder exists
      file:
        path: ~/{{ item }}
        state: directory
      loop:
        - platdock

    - name: sync folder 
      synchronize:
        src: ./
        dest: ~/platdock/initializr/
        recursive: yes
        rsync_opts: "{{ templates|map('regex_replace', '^(.*)$', '--exclude=\\1')|list}}"

    - name: do template
      template:
        src: "{{ item }}"
        dest: ~/platdock/initializr/{{ item }}
      loop: "{{ templates }}"

    - name: deploy stack initializr
      command: docker stack deploy -c ~/platdock/initializr/initializr.stack initializr
